// Jest Snapshot v1, https://goo.gl/fbAQLP

exports[`matches snapshot 1`] = `
<DocumentFragment>
  <div>
    <h3
      class="fs-title"
    >
      Sign Up
    </h3>
    <form
      id="msform"
    >
      <div
        class="form-group"
      >
        <label>
          Handle:
        </label>
        <input
          class="form-control"
          name="handle"
          value=""
        />
      </div>
      <div
        class="form-group"
      >
        <label>
          Name:
        </label>
        <input
          class="form-control"
          name="name"
          value=""
        />
      </div>
      <div
        class="form-group"
      >
        <label>
          Taxonomy:
        </label>
        <input
          class="form-control"
          name="taxonomy"
          value=""
        />
      </div>
      <div
        class="form-group"
      >
        <label>
          Image:
        </label>
        <input
          class="form-control"
          name="image"
          value=""
        />
      </div>
      <div
        class="form-group"
      >
        <label>
          Reefsafe:
        </label>
        <input
          class="form-control"
          name="reefsafe"
          value=""
        />
      </div>
      <div
        class="form-group"
      >
        <label>
          Description:
        </label>
        <input
          class="form-control"
          name="description"
          value=""
        />
      </div>
      <div
        class="form-group"
      >
        <label>
          Maxsize:
        </label>
        <input
          class="form-control"
          name="maxsize"
          value=""
        />
      </div>
      <div
        class="form-group"
      >
        <label>
          Type:
        </label>
        <select
          name="type"
        >
          <option
            value="Clownfish"
          >
            Clownfish
          </option>
          <option
            value="Tangs"
          >
            Tangs
          </option>
          <option
            value="Damselfish"
          >
            Damselfish
          </option>
          <option
            value="Angelfish_large"
          >
            Large Angel Fish
          </option>
          <option
            value="Angelfish_dwarf"
          >
            Angelfish dwarf
          </option>
          <option
            value="Blennies"
          >
            Blennies
          </option>
        </select>
      </div>
    </form>
    <button
      class="next action-button"
      type="submit"
    >
      Submit
    </button>
  </div>
</DocumentFragment>
`;
